completed offer window cut/1/database_first/after_database_commit/no-retry
completed offer window cut/1/database_first/after_database_commit/retry-once
completed offer window cut/1/database_first/after_publish_confirmation/no-retry
completed offer window cut/1/database_first/after_publish_confirmation/retry-once
completed offer window cut/1/database_first/after_both_before_response/no-retry
completed offer window cut/1/database_first/after_both_before_response/retry-once
completed offer window cut/1/database_first/ambiguous_publish_response/no-retry
completed offer window cut/1/database_first/ambiguous_publish_response/retry-once
completed offer window cut/1/database_first/publish_deadline/no-retry
completed offer window cut/1/database_first/publish_deadline/retry-once
completed offer window cut/1/database_first/publish_unavailable/no-retry
completed offer window cut/1/database_first/publish_unavailable/retry-once
completed offer window cut/1/database_first/publish_throttled/no-retry
completed offer window cut/1/database_first/publish_throttled/retry-once
completed offer window cut/1/database_first/commit_uncertain_succeeded/no-retry
completed offer window cut/1/database_first/commit_uncertain_succeeded/retry-once
completed offer window cut/1/database_first/commit_uncertain_failed/no-retry
completed offer window cut/1/database_first/commit_uncertain_failed/retry-once
completed offer window cut/1/publish_first/after_database_commit/no-retry
completed offer window cut/1/publish_first/after_database_commit/retry-once
completed offer window cut/1/publish_first/after_publish_confirmation/no-retry
completed offer window cut/1/publish_first/after_publish_confirmation/retry-once
completed offer window cut/1/publish_first/after_both_before_response/no-retry
completed offer window cut/1/publish_first/after_both_before_response/retry-once
completed offer window cut/1/publish_first/ambiguous_publish_response/no-retry
completed offer window cut/1/publish_first/ambiguous_publish_response/retry-once
completed offer window cut/1/publish_first/publish_deadline/no-retry
completed offer window cut/1/publish_first/publish_deadline/retry-once
completed offer window cut/1/publish_first/publish_unavailable/no-retry
completed offer window cut/1/publish_first/publish_unavailable/retry-once
completed offer window cut/1/publish_first/publish_throttled/no-retry
completed offer window cut/1/publish_first/publish_throttled/retry-once
completed offer window cut/1/publish_first/commit_uncertain_succeeded/no-retry
completed offer window cut/1/publish_first/commit_uncertain_succeeded/retry-once
completed offer window cut/1/publish_first/commit_uncertain_failed/no-retry
completed offer window cut/1/publish_first/commit_uncertain_failed/retry-once
completed offer window cut/1/concurrent/after_database_commit/no-retry
completed offer window cut/1/concurrent/after_database_commit/retry-once
completed offer window cut/1/concurrent/after_publish_confirmation/no-retry
completed offer window cut/1/concurrent/after_publish_confirmation/retry-once
completed offer window cut/1/concurrent/after_both_before_response/no-retry
completed offer window cut/1/concurrent/after_both_before_response/retry-once
completed offer window cut/1/concurrent/ambiguous_publish_response/no-retry
completed offer window cut/1/concurrent/ambiguous_publish_response/retry-once
completed offer window cut/1/concurrent/publish_deadline/no-retry
completed offer window cut/1/concurrent/publish_deadline/retry-once
completed offer window cut/1/concurrent/publish_unavailable/no-retry
completed offer window cut/1/concurrent/publish_unavailable/retry-once
completed offer window cut/1/concurrent/publish_throttled/no-retry
completed offer window cut/1/concurrent/publish_throttled/retry-once
completed offer window cut/1/concurrent/commit_uncertain_succeeded/no-retry
completed offer window cut/1/concurrent/commit_uncertain_succeeded/retry-once
completed offer window cut/1/concurrent/commit_uncertain_failed/no-retry
completed offer window cut/1/concurrent/commit_uncertain_failed/retry-once
completed offer window cut/2/database_first/after_database_commit/no-retry
completed offer window cut/2/database_first/after_database_commit/retry-once
completed offer window cut/2/database_first/after_publish_confirmation/no-retry
completed offer window cut/2/database_first/after_publish_confirmation/retry-once
completed offer window cut/2/database_first/after_both_before_response/no-retry
completed offer window cut/2/database_first/after_both_before_response/retry-once
completed offer window cut/2/database_first/ambiguous_publish_response/no-retry
completed offer window cut/2/database_first/ambiguous_publish_response/retry-once
completed offer window cut/2/database_first/publish_deadline/no-retry
completed offer window cut/2/database_first/publish_deadline/retry-once
completed offer window cut/2/database_first/publish_unavailable/no-retry
completed offer window cut/2/database_first/publish_unavailable/retry-once
completed offer window cut/2/database_first/publish_throttled/no-retry
completed offer window cut/2/database_first/publish_throttled/retry-once
completed offer window cut/2/database_first/commit_uncertain_succeeded/no-retry
completed offer window cut/2/database_first/commit_uncertain_succeeded/retry-once
completed offer window cut/2/database_first/commit_uncertain_failed/no-retry
completed offer window cut/2/database_first/commit_uncertain_failed/retry-once
completed offer window cut/2/publish_first/after_database_commit/no-retry
completed offer window cut/2/publish_first/after_database_commit/retry-once
completed offer window cut/2/publish_first/after_publish_confirmation/no-retry
completed offer window cut/2/publish_first/after_publish_confirmation/retry-once
completed offer window cut/2/publish_first/after_both_before_response/no-retry
completed offer window cut/2/publish_first/after_both_before_response/retry-once
completed offer window cut/2/publish_first/ambiguous_publish_response/no-retry
completed offer window cut/2/publish_first/ambiguous_publish_response/retry-once
completed offer window cut/2/publish_first/publish_deadline/no-retry
completed offer window cut/2/publish_first/publish_deadline/retry-once
completed offer window cut/2/publish_first/publish_unavailable/no-retry
completed offer window cut/2/publish_first/publish_unavailable/retry-once
completed offer window cut/2/publish_first/publish_throttled/no-retry
completed offer window cut/2/publish_first/publish_throttled/retry-once
completed offer window cut/2/publish_first/commit_uncertain_succeeded/no-retry
completed offer window cut/2/publish_first/commit_uncertain_succeeded/retry-once
completed offer window cut/2/publish_first/commit_uncertain_failed/no-retry
completed offer window cut/2/publish_first/commit_uncertain_failed/retry-once
completed offer window cut/2/concurrent/after_database_commit/no-retry
completed offer window cut/2/concurrent/after_database_commit/retry-once
completed offer window cut/2/concurrent/after_publish_confirmation/no-retry
completed offer window cut/2/concurrent/after_publish_confirmation/retry-once
completed offer window cut/2/concurrent/after_both_before_response/no-retry
completed offer window cut/2/concurrent/after_both_before_response/retry-once
completed offer window cut/2/concurrent/ambiguous_publish_response/no-retry
completed offer window cut/2/concurrent/ambiguous_publish_response/retry-once
completed offer window cut/2/concurrent/publish_deadline/no-retry
completed offer window cut/2/concurrent/publish_deadline/retry-once
completed offer window cut/2/concurrent/publish_unavailable/no-retry
completed offer window cut/2/concurrent/publish_unavailable/retry-once
completed offer window cut/2/concurrent/publish_throttled/no-retry
completed offer window cut/2/concurrent/publish_throttled/retry-once
completed offer window cut/2/concurrent/commit_uncertain_succeeded/no-retry
completed offer window cut/2/concurrent/commit_uncertain_succeeded/retry-once
completed offer window cut/2/concurrent/commit_uncertain_failed/no-retry
completed offer window cut/2/concurrent/commit_uncertain_failed/retry-once
completed offer window cut/3/database_first/after_database_commit/no-retry
completed offer window cut/3/database_first/after_database_commit/retry-once
completed offer window cut/3/database_first/after_publish_confirmation/no-retry
completed offer window cut/3/database_first/after_publish_confirmation/retry-once
completed offer window cut/3/database_first/after_both_before_response/no-retry
completed offer window cut/3/database_first/after_both_before_response/retry-once
completed offer window cut/3/database_first/ambiguous_publish_response/no-retry
completed offer window cut/3/database_first/ambiguous_publish_response/retry-once
completed offer window cut/3/database_first/publish_deadline/no-retry
completed offer window cut/3/database_first/publish_deadline/retry-once
completed offer window cut/3/database_first/publish_unavailable/no-retry
completed offer window cut/3/database_first/publish_unavailable/retry-once
completed offer window cut/3/database_first/publish_throttled/no-retry
completed offer window cut/3/database_first/publish_throttled/retry-once
completed offer window cut/3/database_first/commit_uncertain_succeeded/no-retry
completed offer window cut/3/database_first/commit_uncertain_succeeded/retry-once
completed offer window cut/3/database_first/commit_uncertain_failed/no-retry
completed offer window cut/3/database_first/commit_uncertain_failed/retry-once
completed offer window cut/3/publish_first/after_database_commit/no-retry
completed offer window cut/3/publish_first/after_database_commit/retry-once
completed offer window cut/3/publish_first/after_publish_confirmation/no-retry
completed offer window cut/3/publish_first/after_publish_confirmation/retry-once
completed offer window cut/3/publish_first/after_both_before_response/no-retry
completed offer window cut/3/publish_first/after_both_before_response/retry-once
completed offer window cut/3/publish_first/ambiguous_publish_response/no-retry
completed offer window cut/3/publish_first/ambiguous_publish_response/retry-once
completed offer window cut/3/publish_first/publish_deadline/no-retry
completed offer window cut/3/publish_first/publish_deadline/retry-once
completed offer window cut/3/publish_first/publish_unavailable/no-retry
completed offer window cut/3/publish_first/publish_unavailable/retry-once
completed offer window cut/3/publish_first/publish_throttled/no-retry
completed offer window cut/3/publish_first/publish_throttled/retry-once
completed offer window cut/3/publish_first/commit_uncertain_succeeded/no-retry
completed offer window cut/3/publish_first/commit_uncertain_succeeded/retry-once
completed offer window cut/3/publish_first/commit_uncertain_failed/no-retry
completed offer window cut/3/publish_first/commit_uncertain_failed/retry-once
completed offer window cut/3/concurrent/after_database_commit/no-retry
completed offer window cut/3/concurrent/after_database_commit/retry-once
completed offer window cut/3/concurrent/after_publish_confirmation/no-retry
completed offer window cut/3/concurrent/after_publish_confirmation/retry-once
completed offer window cut/3/concurrent/after_both_before_response/no-retry
completed offer window cut/3/concurrent/after_both_before_response/retry-once
completed offer window cut/3/concurrent/ambiguous_publish_response/no-retry
completed offer window cut/3/concurrent/ambiguous_publish_response/retry-once
completed offer window cut/3/concurrent/publish_deadline/no-retry
completed offer window cut/3/concurrent/publish_deadline/retry-once
completed offer window cut/3/concurrent/publish_unavailable/no-retry
completed offer window cut/3/concurrent/publish_unavailable/retry-once
completed offer window cut/3/concurrent/publish_throttled/no-retry
completed offer window cut/3/concurrent/publish_throttled/retry-once
completed offer window cut/3/concurrent/commit_uncertain_succeeded/no-retry
completed offer window cut/3/concurrent/commit_uncertain_succeeded/retry-once
completed offer window cut/3/concurrent/commit_uncertain_failed/no-retry
completed offer window cut/3/concurrent/commit_uncertain_failed/retry-once
